// Jest Snapshot v1, https://goo.gl/fbAQLP

exports[`Route component should render Route component 1`] = `<ChildComponent />`;
